127.0.0.1 - - [31/Aug/2023:10:04:14 +0900] "GET / HTTP/1.1" 404 807
0:0:0:0:0:0:0:1 - - [31/Aug/2023:10:04:16 +0900] "GET /ptj08301/%EB%86%80%EC%9D%B4%EB%8F%99%EC%82%B0/index.jsp HTTP/1.1" 200 6484
0:0:0:0:0:0:0:1 - - [31/Aug/2023:10:04:17 +0900] "GET /ptj08301/%EB%86%80%EC%9D%B4%EB%8F%99%EC%82%B0/img/%EB%A1%9C%EA%B3%A0.png HTTP/1.1" 200 5642
0:0:0:0:0:0:0:1 - - [31/Aug/2023:10:04:17 +0900] "GET /ptj08301/%EB%86%80%EC%9D%B4%EB%8F%99%EC%82%B0/img/l%EB%A7%88%EC%8A%A4%EC%BD%94%EB%93%9C.png HTTP/1.1" 200 127052
0:0:0:0:0:0:0:1 - - [31/Aug/2023:10:04:17 +0900] "GET /ptj08301/%EB%86%80%EC%9D%B4%EB%8F%99%EC%82%B0/img/r%EB%A7%88%EC%8A%A4%EC%BD%94%EB%93%9C.png HTTP/1.1" 200 190003
192.168.0.1 - - [31/Aug/2023:10:10:35 +0900] "GET /ptj08302/manager_list.jsp HTTP/1.1" 404 821
0:0:0:0:0:0:0:1 - - [31/Aug/2023:10:15:33 +0900] "GET /ptj08301/%EB%9D%BC%EC%9D%B4%EB%B8%8C%EB%9F%AC%EB%A6%AC%EC%82%AC%EC%9A%A9%ED%95%98%EA%B8%B0/Jh%EB%9D%BC%EC%9D%B4%EB%B8%8C%EB%9F%AC%EB%A6%AC%EC%82%AC%EC%9A%A9%ED%95%98%EA%B8%B0.jsp HTTP/1.1" 200 134
127.0.0.1 - - [31/Aug/2023:10:35:43 +0900] "GET / HTTP/1.1" 404 807
0:0:0:0:0:0:0:1 - - [31/Aug/2023:10:35:43 +0900] "GET /prj0831/hi HTTP/1.1" 200 15
127.0.0.1 - - [31/Aug/2023:10:44:20 +0900] "GET / HTTP/1.1" 404 807
0:0:0:0:0:0:0:1 - - [31/Aug/2023:10:44:21 +0900] "GET /prj0831/hi2 HTTP/1.1" 200 69
0:0:0:0:0:0:0:1 - - [31/Aug/2023:10:44:31 +0900] "GET /prj0831/hi2?name=%EC%A4%80%ED%83%9C HTTP/1.1" 200 71
0:0:0:0:0:0:0:1 - - [31/Aug/2023:11:33:25 +0900] "GET /prj0831/himvc HTTP/1.1" 404 824
127.0.0.1 - - [31/Aug/2023:11:35:38 +0900] "GET / HTTP/1.1" 404 807
0:0:0:0:0:0:0:1 - - [31/Aug/2023:11:35:40 +0900] "GET /prj0831/himvc HTTP/1.1" 404 827
0:0:0:0:0:0:0:1 - - [31/Aug/2023:11:36:01 +0900] "GET /prj0831/himvc HTTP/1.1" 404 827
0:0:0:0:0:0:0:1 - - [31/Aug/2023:11:36:01 +0900] "GET /prj0831/himvc HTTP/1.1" 404 827
0:0:0:0:0:0:0:1 - - [31/Aug/2023:11:36:02 +0900] "GET /prj0831/himvc HTTP/1.1" 404 827
0:0:0:0:0:0:0:1 - - [31/Aug/2023:11:36:02 +0900] "GET /prj0831/himvc HTTP/1.1" 404 827
0:0:0:0:0:0:0:1 - - [31/Aug/2023:11:36:02 +0900] "GET /prj0831/himvc HTTP/1.1" 404 827
0:0:0:0:0:0:0:1 - - [31/Aug/2023:11:36:02 +0900] "GET /prj0831/himvc HTTP/1.1" 404 827
127.0.0.1 - - [31/Aug/2023:11:37:24 +0900] "GET / HTTP/1.1" 404 807
0:0:0:0:0:0:0:1 - - [31/Aug/2023:11:37:25 +0900] "GET /prj0831/himvc HTTP/1.1" 200 142
0:0:0:0:0:0:0:1 - - [31/Aug/2023:11:37:33 +0900] "GET /prj0831/himvc HTTP/1.1" 200 143
0:0:0:0:0:0:0:1 - - [31/Aug/2023:11:56:10 +0900] "GET /prj0831/login HTTP/1.1" 404 824
0:0:0:0:0:0:0:1 - - [31/Aug/2023:11:56:18 +0900] "GET /prj0831/login HTTP/1.1" 404 824
0:0:0:0:0:0:0:1 - - [31/Aug/2023:11:56:55 +0900] "GET /prj0831/login HTTP/1.1" 404 824
0:0:0:0:0:0:0:1 - - [31/Aug/2023:11:56:55 +0900] "GET /prj0831/login HTTP/1.1" 404 824
0:0:0:0:0:0:0:1 - - [31/Aug/2023:11:56:55 +0900] "GET /prj0831/login HTTP/1.1" 404 824
0:0:0:0:0:0:0:1 - - [31/Aug/2023:11:56:56 +0900] "GET /prj0831/login HTTP/1.1" 404 824
0:0:0:0:0:0:0:1 - - [31/Aug/2023:11:56:56 +0900] "GET /prj0831/login HTTP/1.1" 404 824
0:0:0:0:0:0:0:1 - - [31/Aug/2023:11:56:56 +0900] "GET /prj0831/login HTTP/1.1" 404 824
0:0:0:0:0:0:0:1 - - [31/Aug/2023:11:56:56 +0900] "GET /prj0831/login HTTP/1.1" 404 824
0:0:0:0:0:0:0:1 - - [31/Aug/2023:11:56:56 +0900] "GET /prj0831/login HTTP/1.1" 404 824
0:0:0:0:0:0:0:1 - - [31/Aug/2023:11:57:30 +0900] "GET /prj0831/login HTTP/1.1" 404 824
0:0:0:0:0:0:0:1 - - [31/Aug/2023:11:57:30 +0900] "GET /prj0831/login HTTP/1.1" 404 824
0:0:0:0:0:0:0:1 - - [31/Aug/2023:11:57:31 +0900] "GET /prj0831/login HTTP/1.1" 404 824
0:0:0:0:0:0:0:1 - - [31/Aug/2023:11:57:31 +0900] "GET /prj0831/login HTTP/1.1" 404 824
0:0:0:0:0:0:0:1 - - [31/Aug/2023:11:57:34 +0900] "GET /prj0831/login HTTP/1.1" 404 824
0:0:0:0:0:0:0:1 - - [31/Aug/2023:11:57:34 +0900] "GET /prj0831/login HTTP/1.1" 404 824
0:0:0:0:0:0:0:1 - - [31/Aug/2023:11:57:34 +0900] "GET /prj0831/login HTTP/1.1" 404 824
0:0:0:0:0:0:0:1 - - [31/Aug/2023:11:57:44 +0900] "GET /prj0831/login.jsp HTTP/1.1" 404 801
0:0:0:0:0:0:0:1 - - [31/Aug/2023:11:57:54 +0900] "GET /prj0831/login HTTP/1.1" 404 824
0:0:0:0:0:0:0:1 - - [31/Aug/2023:11:57:55 +0900] "GET /prj0831/login HTTP/1.1" 404 824
0:0:0:0:0:0:0:1 - - [31/Aug/2023:11:57:56 +0900] "GET /prj0831/login HTTP/1.1" 404 824
0:0:0:0:0:0:0:1 - - [31/Aug/2023:11:58:09 +0900] "GET /prj0831/login HTTP/1.1" 404 824
127.0.0.1 - - [31/Aug/2023:11:58:48 +0900] "GET / HTTP/1.1" 404 807
0:0:0:0:0:0:0:1 - - [31/Aug/2023:11:58:49 +0900] "GET /prj0831/login HTTP/1.1" 200 527
0:0:0:0:0:0:0:1 - - [31/Aug/2023:11:58:55 +0900] "GET /prj0831/login HTTP/1.1" 200 527
127.0.0.1 - - [31/Aug/2023:12:16:29 +0900] "GET / HTTP/1.1" 404 807
0:0:0:0:0:0:0:1 - - [31/Aug/2023:12:16:29 +0900] "GET /prj0831/login HTTP/1.1" 200 527
127.0.0.1 - - [31/Aug/2023:12:24:25 +0900] "GET / HTTP/1.1" 404 807
0:0:0:0:0:0:0:1 - - [31/Aug/2023:12:24:26 +0900] "GET /prj0831/login HTTP/1.1" 200 624
0:0:0:0:0:0:0:1 - - [31/Aug/2023:12:25:52 +0900] "POST /prj0831/login HTTP/1.1" 200 -
0:0:0:0:0:0:0:1 - - [31/Aug/2023:12:26:24 +0900] "GET /prj0831/login HTTP/1.1" 200 624
0:0:0:0:0:0:0:1 - - [31/Aug/2023:12:26:25 +0900] "POST /prj0831/login HTTP/1.1" 200 -
0:0:0:0:0:0:0:1 - - [31/Aug/2023:12:35:34 +0900] "GET /prj0831/login HTTP/1.1" 200 624
0:0:0:0:0:0:0:1 - - [31/Aug/2023:12:35:35 +0900] "POST /prj0831/login HTTP/1.1" 200 -
0:0:0:0:0:0:0:1 - - [31/Aug/2023:12:35:37 +0900] "GET /prj0831/login HTTP/1.1" 200 624
127.0.0.1 - - [31/Aug/2023:12:35:47 +0900] "GET / HTTP/1.1" 404 807
0:0:0:0:0:0:0:1 - - [31/Aug/2023:12:35:47 +0900] "GET /prj0831/login HTTP/1.1" 200 624
0:0:0:0:0:0:0:1 - - [31/Aug/2023:12:35:51 +0900] "POST /prj0831/login HTTP/1.1" 200 624
0:0:0:0:0:0:0:1 - - [31/Aug/2023:12:36:01 +0900] "POST /prj0831/login HTTP/1.1" 200 624
127.0.0.1 - - [31/Aug/2023:12:36:10 +0900] "GET / HTTP/1.1" 404 807
0:0:0:0:0:0:0:1 - - [31/Aug/2023:12:36:10 +0900] "GET /prj0831/login HTTP/1.1" 200 624
0:0:0:0:0:0:0:1 - - [31/Aug/2023:12:36:13 +0900] "POST /prj0831/login HTTP/1.1" 404 822
0:0:0:0:0:0:0:1 - - [31/Aug/2023:12:36:28 +0900] "POST /prj0831/login HTTP/1.1" 404 822
0:0:0:0:0:0:0:1 - - [31/Aug/2023:12:36:29 +0900] "GET /prj0831/login HTTP/1.1" 200 624
0:0:0:0:0:0:0:1 - - [31/Aug/2023:12:36:29 +0900] "GET /prj0831/login HTTP/1.1" 200 624
0:0:0:0:0:0:0:1 - - [31/Aug/2023:12:36:30 +0900] "GET /prj0831/login HTTP/1.1" 200 624
0:0:0:0:0:0:0:1 - - [31/Aug/2023:12:36:30 +0900] "GET /prj0831/login HTTP/1.1" 200 624
0:0:0:0:0:0:0:1 - - [31/Aug/2023:12:36:30 +0900] "POST /prj0831/login HTTP/1.1" 200 624
0:0:0:0:0:0:0:1 - - [31/Aug/2023:12:36:32 +0900] "POST /prj0831/login HTTP/1.1" 200 624
0:0:0:0:0:0:0:1 - - [31/Aug/2023:12:45:18 +0900] "POST /prj0831/login HTTP/1.1" 200 624
0:0:0:0:0:0:0:1 - - [31/Aug/2023:12:45:21 +0900] "POST /prj0831/login HTTP/1.1" 200 141
127.0.0.1 - - [31/Aug/2023:14:04:45 +0900] "GET / HTTP/1.1" 404 807
0:0:0:0:0:0:0:1 - - [31/Aug/2023:14:04:45 +0900] "GET /prj0831/test HTTP/1.1" 200 -
127.0.0.1 - - [31/Aug/2023:14:16:22 +0900] "GET / HTTP/1.1" 404 807
0:0:0:0:0:0:0:1 - - [31/Aug/2023:14:16:23 +0900] "GET /prj0831/mvc1 HTTP/1.1" 200 151
127.0.0.1 - - [31/Aug/2023:14:26:05 +0900] "GET / HTTP/1.1" 404 807
0:0:0:0:0:0:0:1 - - [31/Aug/2023:14:26:06 +0900] "GET /prj0831/mvc1 HTTP/1.1" 200 167
127.0.0.1 - - [31/Aug/2023:14:37:58 +0900] "GET / HTTP/1.1" 404 807
0:0:0:0:0:0:0:1 - - [31/Aug/2023:14:37:59 +0900] "GET /prj0831/mvc2 HTTP/1.1" 200 153
127.0.0.1 - - [31/Aug/2023:14:54:35 +0900] "GET / HTTP/1.1" 404 807
0:0:0:0:0:0:0:1 - - [31/Aug/2023:14:54:35 +0900] "GET /prj0831/mvc3 HTTP/1.1" 500 1283
0:0:0:0:0:0:0:1 - - [31/Aug/2023:14:55:34 +0900] "GET /prj0831/mvc3 HTTP/1.1" 500 1283
0:0:0:0:0:0:0:1 - - [31/Aug/2023:14:55:35 +0900] "GET /prj0831/mvc3 HTTP/1.1" 500 1283
0:0:0:0:0:0:0:1 - - [31/Aug/2023:14:55:36 +0900] "GET /prj0831/mvc3 HTTP/1.1" 500 1283
127.0.0.1 - - [31/Aug/2023:14:55:53 +0900] "GET / HTTP/1.1" 404 807
0:0:0:0:0:0:0:1 - - [31/Aug/2023:14:55:53 +0900] "GET /prj0831/mvc3 HTTP/1.1" 500 1283
127.0.0.1 - - [31/Aug/2023:14:57:34 +0900] "GET / HTTP/1.1" 404 807
0:0:0:0:0:0:0:1 - - [31/Aug/2023:14:57:35 +0900] "GET /prj0831/mvc3 HTTP/1.1" 200 211
127.0.0.1 - - [31/Aug/2023:15:19:49 +0900] "GET / HTTP/1.1" 404 807
0:0:0:0:0:0:0:1 - - [31/Aug/2023:15:19:50 +0900] "GET /prj0831/movies HTTP/1.1" 404 823
127.0.0.1 - - [31/Aug/2023:15:20:16 +0900] "GET / HTTP/1.1" 404 807
0:0:0:0:0:0:0:1 - - [31/Aug/2023:15:20:17 +0900] "GET /prj0831/movies HTTP/1.1" 500 3960
0:0:0:0:0:0:0:1 - - [31/Aug/2023:15:21:17 +0900] "GET /prj0831/movies HTTP/1.1" 500 3059
127.0.0.1 - - [31/Aug/2023:15:21:37 +0900] "GET / HTTP/1.1" 404 807
0:0:0:0:0:0:0:1 - - [31/Aug/2023:15:21:38 +0900] "GET /prj0831/movies HTTP/1.1" 500 3049
127.0.0.1 - - [31/Aug/2023:15:23:19 +0900] "GET / HTTP/1.1" 404 807
0:0:0:0:0:0:0:1 - - [31/Aug/2023:15:23:19 +0900] "GET /prj0831/movies HTTP/1.1" 200 201
127.0.0.1 - - [31/Aug/2023:15:47:16 +0900] "GET / HTTP/1.1" 404 807
0:0:0:0:0:0:0:1 - - [31/Aug/2023:15:47:17 +0900] "GET /prj0831/members HTTP/1.1" 500 3808
127.0.0.1 - - [31/Aug/2023:15:52:10 +0900] "GET / HTTP/1.1" 404 807
0:0:0:0:0:0:0:1 - - [31/Aug/2023:15:52:11 +0900] "GET /prj0831/members HTTP/1.1" 200 393
127.0.0.1 - - [31/Aug/2023:17:09:08 +0900] "GET / HTTP/1.1" 404 807
0:0:0:0:0:0:0:1 - - [31/Aug/2023:17:09:09 +0900] "GET /prj0831/bucket HTTP/1.1" 200 2100
0:0:0:0:0:0:0:1 - - [31/Aug/2023:17:09:58 +0900] "GET /prj0831/bucket HTTP/1.1" 200 546
127.0.0.1 - - [31/Aug/2023:17:43:08 +0900] "GET / HTTP/1.1" 404 807
0:0:0:0:0:0:0:1 - - [31/Aug/2023:17:43:09 +0900] "GET /prj0831/mv HTTP/1.1" 200 339
